// Jest Snapshot v1, https://goo.gl/fbAQLP

exports[`Navigation renders correctly 1`] = `
<div
  className="container"
>
  <ul
    className="menu"
  >
    <li
      className="logo"
    >
      <img
        alt="logo"
        src="planet.png"
      />
      <h3
        className="logo-text"
      >
        Space Travelers' Hub
      </h3>
    </li>
    <li>
      <ul
        className="nav"
      >
        <li>
          <a
            aria-current="page"
            className="active"
            href="/"
            onClick={[Function]}
          >
            Rockets
          </a>
        </li>
        <li>
          <a
            className=""
            href="/missions"
            onClick={[Function]}
          >
            Missions
          </a>
        </li>
        <li>
          <a
            className=""
            href="/dragons"
            onClick={[Function]}
          >
            Dragons
          </a>
        </li>
        <span
          className="divider"
        >
          |
        </span>
        <li>
          <a
            className=""
            href="/profile"
            onClick={[Function]}
          >
            My Profile
          </a>
        </li>
      </ul>
    </li>
  </ul>
</div>
`;
