// Jest Snapshot v1, https://goo.gl/fbAQLP

exports[`ReservedRockets component renders correctly with no reserved rockets 1`] = `
<div>
  You have no reserved rockets.
</div>
`;

exports[`ReservedRockets component renders correctly with reserved rockets 1`] = `
<div
  className="list-group"
  onKeyDown={[Function]}
>
  <div
    className="list-group-item"
    data-rr-ui-event-key={null}
    onClick={[Function]}
  >
    Falcon 1
  </div>
  <div
    className="list-group-item"
    data-rr-ui-event-key={null}
    onClick={[Function]}
  >
    Falcon 9
  </div>
</div>
`;
