// Jest Snapshot v1, https://goo.gl/fbAQLP

exports[`Rocket component renders correctly 1`] = `
<li
  className="rocket"
>
  <img
    alt="Rocket Falcon 1"
    className="rocket-image"
    src="https://imgur.com/DaCfMsj.jpg"
  />
  <div
    className="rocket-details"
  >
    <h3
      className="rocket-title"
    >
      Falcon 1
    </h3>
    <div>
      <p
        className="rocket-description"
      >
        Description 1
      </p>
    </div>
    <button
      className="reserve-button"
      onClick={[Function]}
      type="submit"
    >
      Reserve Rocket
    </button>
  </div>
</li>
`;
